// Jest Snapshot v1, https://goo.gl/fbAQLP

exports[`CatFacts renders correctly 1`] = `
<DocumentFragment>
  <div
    class="catfacts"
  />
</DocumentFragment>
`;
